Loading ATNF database...
Parsed 4286 pulsars.
Found 334 Field MSPs with measured Pdot.
  Binaries: 268
  Isolated: 66
{
  "binary_n": 268,
  "isolated_n": 66,
  "binary_mean_logpdot": 0.17123170737142734,
  "binary_std_logpdot": 0.6432122251973879,
  "isolated_mean_logpdot": 0.21809130829766393,
  "isolated_std_logpdot": 0.924866199840388,
  "diff_dex": -0.04685960092623659,
  "t_stat": -0.3863709280118236,
  "t_p_value": 0.7002358665867912,
  "mw_u_stat": 9300.0,
  "mw_p_value": 0.5168476442938648,
  "interpretation": "CONSISTENT: No significant difference between Binary and Isolated Field MSPs. This supports the hypothesis that the difference observed in GCs is environmental (e.g. acceleration or TEP cluster potential)."
}
Results saved to /Users/matthewsmawfield/www/TEP-COS/results/outputs/step_5_12_field_binary_analysis.md
