======================================================================
SDSS J1004+4112 TEMPORAL SHEAR ANALYSIS
14.5-year r-band monitoring (Munoz et al. 2022)
======================================================================

System: z_lens = 0.68, z_source = 1.734
Einstein radius: 14.62"
Known delays: A-C = 825.2d, B-C = 782.2d, D-C = 2458.5d
Geometric factor (1+z_S)/(1+z_L) = 1.63

Loaded 1018 epochs spanning 14.5 years

----------------------------------------------------------------------
TEMPORAL SHEAR RESULTS
----------------------------------------------------------------------

A-C: Insufficient data for fit

B-C: Insufficient data for fit

A-B:
  Broadband delay: 43.0 days
  Temporal shear Γ = 2.0 ± 0.7 days/decade (3.0σ)
  Scale-dependent delays:
    τ=  40d: Δt =    -1.0d (r=0.99)
    τ=  80d: Δt =     0.0d (r=1.00)
    τ= 160d: Δt =     0.0d (r=1.00)
    τ= 320d: Δt =     0.0d (r=1.00)
    τ= 640d: Δt =     2.0d (r=1.00)

======================================================================
SUMMARY
======================================================================

Mean |Γ| across pairs: 2.0 days/decade
Individual Γ values: ['2.0']

TEP prediction (scaled from DESJ0408): |Γ| ~ 25.4 days/decade
Observed mean |Γ|: 2.0 days/decade

Results saved to: /Users/matthewsmawfield/www/TEP-COS/results/outputs/j1004_temporal_shear_results.json
