======================================================================
PER-CLUSTER CONTROLLED RESIDUALS
======================================================================

Field MSPs: 198
GC MSPs: 181

Cluster                           N  Controlled Residual        SEM
----------------------------------------------------------------------
Terzan 5                         51             +0.281 dex    0.031
47 Tuc (NGC 104)                 22             +0.116 dex    0.029
NGC 6517                         13             +0.258 dex    0.068
M28 (NGC 6626)                   10             +0.276 dex    0.092
M62 (NGC 6266)                    9             +0.330 dex    0.075
M13 (NGC 6205)                    8             +0.017 dex    0.136
M15 (NGC 7078)                    7             +0.285 dex    0.101
M5 (NGC 5904)                     7             +0.023 dex    0.044
Terzan 1                          6             +0.625 dex    0.143
NGC 6752                          6             +0.337 dex    0.137
M2 (NGC 7089)                     6             +0.090 dex    0.012
Omega Centauri (NGC 5139)         5             +0.027 dex    0.026
M53 (NGC 5024)                    4             +0.017 dex    0.012
M3 (NGC 5272)                     3             +0.539 dex    0.020
M71 (NGC 6838)                    3             +0.045 dex    0.015
NGC 6397                          2             +0.138 dex    0.112
NGC 1851                          2             +0.176 dex    0.071
NGC 6522                          2             +0.361 dex    0.182
NGC 6544                          2             +0.029 dex    0.018
NGC 6624                          2             +0.551 dex    0.375
NGC 6760                          2             -0.027 dex    0.007
M22 (NGC 6656)                    2             -0.041 dex    0.024

======================================================================
SUMMARY
======================================================================

Number of clusters: 22
Mean controlled residual: +0.202 dex
Weighted mean: +0.224 dex
Std across clusters: 0.193 dex
Range: -0.041 to +0.625 dex

--- DENSITY CORRELATION TEST ---
Controlled residual vs log(ρc):
  Pearson r = 0.523
  p-value   = 0.0125

⚠️ CONTROLLED residuals still show density correlation
  The Universality Constraint may not hold.

Results saved to:
  /Users/matthewsmawfield/www/TEP-COS/results/outputs/step_5_31_per_cluster_controlled_residuals.json
  /Users/matthewsmawfield/www/TEP-COS/results/outputs/step_5_31_per_cluster_controlled_residuals.md
