--- Step 5.32: Full Density Scaling Simulation ---
Simulating 29 clusters with exact parameters...
  Terzan 5             | rho=5.50 | Shift=+3.003 dex
  47 Tuc (NGC 104)     | rho=4.88 | Shift=+1.990 dex
  NGC 6517             | rho=5.80 | Shift=+2.859 dex
  M28 (NGC 6626)       | rho=4.52 | Shift=+2.077 dex
  M62 (NGC 6266)       | rho=5.16 | Shift=+2.617 dex
  M13 (NGC 6205)       | rho=3.79 | Shift=+1.356 dex
  M15 (NGC 7078)       | rho=5.05 | Shift=+2.509 dex
  M5 (NGC 5904)        | rho=3.53 | Shift=+1.574 dex
  Terzan 1             | rho=5.00 | Shift=+2.306 dex
  NGC 6752             | rho=4.30 | Shift=+2.136 dex
  M2 (NGC 7089)        | rho=4.15 | Shift=+1.881 dex
  Omega Centauri (NGC 5139) | rho=3.12 | Shift=+1.042 dex
  M53 (NGC 5024)       | rho=2.96 | Shift=+1.045 dex
  M3 (NGC 5272)        | rho=3.68 | Shift=+1.696 dex
  M71 (NGC 6838)       | rho=2.29 | Shift=+0.209 dex
  NGC 6397             | rho=5.68 | Shift=+2.682 dex
  NGC 1851             | rho=5.09 | Shift=+2.711 dex
  NGC 6522             | rho=5.50 | Shift=+3.032 dex
  NGC 6544             | rho=5.20 | Shift=+2.412 dex
  NGC 6624             | rho=5.60 | Shift=+2.853 dex
  NGC 6760             | rho=3.80 | Shift=+1.379 dex
  M22 (NGC 6656)       | rho=2.97 | Shift=+0.695 dex
  M80 (NGC 6093)       | rho=4.79 | Shift=+2.353 dex
  M92 (NGC 6341)       | rho=4.30 | Shift=+1.768 dex
  NGC 6712             | rho=3.70 | Shift=+1.278 dex
  NGC 6652             | rho=4.50 | Shift=+2.120 dex
  M14 (NGC 6402)       | rho=3.44 | Shift=+1.365 dex
  NGC 6539             | rho=3.30 | Shift=+1.045 dex
  M4 (NGC 6121)        | rho=2.85 | Shift=+0.489 dex
--------------------------------------------------
FULL DENSITY SCALING RESULTS (N=29)
Correlation (r): 0.973
Slope:           0.771 dex / dex
P-value:         1.02e-18
--------------------------------------------------
Results saved to results/outputs/step_5_32_full_density_scaling.json
Updated rigorous plot saved to site/figures/density_scaling_rigorous.png
