[21:30:25] [INFO] [21:30:25] [INFO    ] ======================================================================
[21:30:25] [INFO] [21:30:25] [INFO    ] CMC CLUSTER CATALOG DOWNLOADER
[21:30:25] [INFO] [21:30:25] [INFO    ] ======================================================================
[21:30:25] [INFO] [21:30:25] [INFO    ] Target URL: https://cmc.ciera.northwestern.edu/index.php
[21:30:25] [INFO] [21:30:25] [INFO    ] Data directory: /Users/matthewsmawfield/www/TEP-COS/data/cmc
[21:30:25] [INFO] [21:30:25] [INFO    ] Clusters: M15
[21:30:25] [INFO] [21:30:25] [INFO    ]
[21:30:25] [INFO] [21:30:25] [INFO    ] NOTE: Each download is 200-400 MB and takes 3-8 minutes
[21:30:25] [INFO] [21:30:25] [INFO    ]       Please be patient and do not interrupt the download
[21:30:25] [INFO] [21:30:25] [INFO    ]
[21:30:25] [INFO] [21:30:25] [INFO    ]
[21:30:25] [INFO] ======================================================================
[21:30:25] [INFO] [21:30:25] [INFO    ] CLUSTER: M15 - M15
[21:30:25] [INFO] [21:30:25] [INFO    ] ======================================================================
[21:30:25] [INFO] [21:30:25] [INFO    ] Already downloaded (use --force to re-download)
[21:30:25] [INFO] [21:30:25] [INFO    ]
[21:30:25] [INFO] ======================================================================
[21:30:25] [INFO] [21:30:25] [INFO    ] FINAL SUMMARY
[21:30:25] [INFO] [21:30:25] [INFO    ] ======================================================================
[21:30:25] [INFO] [21:30:25] [INFO    ] SUCCESS: M15        - M15
[21:30:25] [INFO] [21:30:25] [INFO    ]            Files: 0, Time: 0.0s
[21:30:25] [INFO] [21:30:25] [INFO    ]
[21:30:25] [INFO] ======================================================================
[21:30:25] [INFO] [21:30:25] [INFO    ] TOTAL: 1/1 clusters successfully downloaded
[21:30:25] [INFO] [21:30:25] [INFO    ] ======================================================================
