[10:46:48] [INFO] ======================================================================
[10:46:48] [INFO] PER-CLUSTER CONTROLLED RESIDUALS
[10:46:48] [INFO] ======================================================================
[10:46:48] [INFO] 
[10:46:48] [INFO] Field MSPs: 198
[10:46:48] [INFO] GC MSPs: 196
[10:46:48] [INFO] 
[10:46:48] [INFO] Cluster                           N  Controlled Residual        SEM
[10:46:48] [INFO] ----------------------------------------------------------------------
[10:46:48] [INFO] Terzan 5                         47             +0.340 dex    0.035
[10:46:48] [INFO] 47 Tuc (NGC 104)                 23             +0.110 dex    0.026
[10:46:48] [INFO] NGC 6517                         13             +0.311 dex    0.079
[10:46:48] [INFO] M62 (NGC 6266)                    9             +0.372 dex    0.083
[10:46:48] [INFO] M28 (NGC 6626)                    9             +0.204 dex    0.040
[10:46:48] [INFO] Omega Centauri (NGC 5139)         8             +0.092 dex    0.034
[10:46:48] [INFO] M15 (NGC 7078)                    8             +0.337 dex    0.097
[10:46:48] [INFO] M13 (NGC 6205)                    8             +0.013 dex    0.143
[10:46:48] [INFO] M2 (NGC 7089)                     7             +0.092 dex    0.015
[10:46:48] [INFO] NGC 6440                          7             +0.187 dex    0.065
[10:46:48] [INFO] M5 (NGC 5904)                     7             +0.018 dex    0.057
[10:46:48] [INFO] Terzan 1                          6             +0.710 dex    0.185
[10:46:48] [INFO] NGC 6752                          6             +0.397 dex    0.155
[10:46:48] [INFO] M3 (NGC 5272)                     5             +0.009 dex    0.056
[10:46:48] [INFO] M53 (NGC 5024)                    4             +0.041 dex    0.007
[10:46:48] [INFO] NGC 6441                          3             +0.221 dex    0.191
[10:46:48] [INFO] M71 (NGC 6838)                    3             +0.063 dex    0.029
[10:46:48] [INFO] NGC 6544                          2             +0.056 dex    0.037
[10:46:48] [INFO] M22 (NGC 6656)                    2             -0.109 dex    0.074
[10:46:48] [INFO] NGC 6397                          2             +0.192 dex    0.159
[10:46:48] [INFO] NGC 1851                          2             +0.220 dex    0.102
[10:46:48] [INFO] NGC 6522                          2             +0.441 dex    0.213
[10:46:48] [INFO] NGC 6760                          2             -0.067 dex    0.043
[10:46:48] [INFO] NGC 6624                          2             +0.677 dex    0.431
[10:46:48] [INFO] 
[10:46:48] [INFO] ======================================================================
[10:46:48] [INFO] SUMMARY
[10:46:48] [INFO] ======================================================================
[10:46:48] [INFO] 
[10:46:48] [INFO] Number of clusters: 24
[10:46:48] [INFO] Mean controlled residual: +0.205 dex
[10:46:48] [INFO] Weighted mean: +0.235 dex
[10:46:48] [INFO] Std across clusters: 0.207 dex
[10:46:48] [INFO] Range: -0.109 to +0.710 dex
[10:46:48] [INFO] 
[10:46:48] [INFO] --- DENSITY CORRELATION TEST ---
[10:46:48] [INFO] Controlled residual vs log(ρc):
[10:46:48] [INFO]   Pearson r = 0.662
[10:46:48] [INFO]   p-value   = 0.0008
[10:46:48] [INFO] 
[10:46:48] [INFO] Result: Controlled residuals correlate with density.
[10:46:48] [INFO]   This is consistent with TEP screening—field strength varies
[10:46:48] [INFO]   with ambient density until saturation at ρc ≈ 20 g/cm³.
[10:46:48] [INFO] 
[10:46:48] [INFO] Results saved to:
[10:46:48] [INFO]   /Users/matthewsmawfield/www/Temporal Equivalence Principle/TEP-COS/results/outputs/step_5_31_per_cluster_controlled_residuals.json
[10:46:48] [INFO]   /Users/matthewsmawfield/www/Temporal Equivalence Principle/TEP-COS/results/outputs/step_5_31_per_cluster_controlled_residuals.md
