[07:57:25] [INFO] Loading ATNF database...
[07:57:25] [INFO] Parsed 4286 pulsars.
[07:57:25] [INFO] Found 334 Field MSPs with measured Pdot.
[07:57:25] [INFO]   Binaries: 268
[07:57:25] [INFO]   Isolated: 66
[07:57:25] [INFO] {
[07:57:25] [INFO]   "binary_n": 268,
[07:57:25] [INFO]   "isolated_n": 66,
[07:57:25] [INFO]   "binary_mean_logpdot": 0.17123170737142734,
[07:57:25] [INFO]   "binary_std_logpdot": 0.6432122251973879,
[07:57:25] [INFO]   "isolated_mean_logpdot": 0.21809130829766393,
[07:57:25] [INFO]   "isolated_std_logpdot": 0.924866199840388,
[07:57:25] [INFO]   "diff_dex": -0.04685960092623659,
[07:57:25] [INFO]   "t_stat": -0.3863709280118236,
[07:57:25] [INFO]   "t_p_value": 0.7002358665867912,
[07:57:25] [INFO]   "mw_u_stat": 9300.0,
[07:57:25] [INFO]   "mw_p_value": 0.5168476442938648,
[07:57:25] [INFO]   "interpretation": "CONSISTENT: No significant difference between Binary and Isolated Field MSPs. This supports the hypothesis that the difference observed in GCs is environmental (e.g. acceleration or TEP cluster potential)."
[07:57:25] [INFO] }
[07:57:25] [INFO] Results saved to /Users/matthewsmawfield/www/Temporal Equivalence Principle/TEP-COS/results/outputs/step_5_12_field_binary_analysis.md
