[11:13:07] [INFO] ======================================================================
[11:13:07] [INFO] TEP-COS STEP 7.2: SN Ia DEEP AUDIT
[11:13:07] [INFO] ======================================================================
[11:13:07] [INFO] 
[11:13:07] [INFO] 1. DATA COMPLETENESS AUDIT
[11:13:07] [INFO] ----------------------------------------------------------------------
[11:13:07] [INFO] ✓ Pantheon+ data loaded: 1470 SNe Ia (z > 0.01)
[11:13:07] [INFO] ✓ All required columns present
[11:13:07] [INFO] 
[11:13:07] [INFO] 2. CROSS-VALIDATION WITH PREVIOUS RESULTS
[11:13:07] [INFO] ----------------------------------------------------------------------
[11:13:07] [INFO] ✓ Step 7.0 results loaded: r = 0.2178
[11:13:07] [INFO] ✓ Step 7.1 results loaded: overall_robust = False
[11:13:07] [INFO] 
[11:13:07] [INFO] 3. DATA QUALITY METRICS
[11:13:07] [INFO] ----------------------------------------------------------------------
[11:13:07] [INFO]    mB: 1470/1470 (100.0%)
[11:13:07] [INFO]    HOST_LOGMASS: 1470/1470 (100.0%)
[11:13:07] [INFO]    MU_SH0ES: 1470/1470 (100.0%)
[11:13:07] [INFO] 
[11:13:07] [INFO] 4. REDSHIFT COVERAGE ANALYSIS
[11:13:07] [INFO] ----------------------------------------------------------------------
[11:13:07] [INFO]    z = 0.01-0.1: 510 SNe
[11:13:07] [INFO]    z = 0.1-0.5: 750 SNe
[11:13:07] [INFO]    z = 0.5-1.0: 185 SNe
[11:13:07] [INFO]    z = 1.0-2.0: 24 SNe
[11:13:07] [INFO] 
[11:13:07] [INFO] 5. SYSTEMATIC BIAS DETECTION
[11:13:07] [INFO] ----------------------------------------------------------------------
[11:13:07] [INFO]    Hubble residual outliers (|z| > 3): 0
[11:13:07] [INFO] 
[11:13:07] [INFO] 6. CROSS-VALIDATION SUMMARY
[11:13:07] [INFO] ----------------------------------------------------------------------
[11:13:07] [INFO]    Original r vs Bootstrap mean: |0.2178 - 0.2181| = 0.0003
[11:13:07] [INFO]    ✓ Results consistent
[11:13:07] [INFO] 
[11:13:07] [INFO] ======================================================================
[11:13:07] [INFO] AUDIT COMPLETE
[11:13:07] [INFO] ======================================================================
[11:13:07] [INFO] 
[11:13:07] [INFO] ✓ No quality flags raised
[11:13:07] [INFO] 
[11:13:07] [INFO] ======================================================================
[11:13:07] [INFO] OVERALL: PASS
[11:13:07] [INFO] ======================================================================
[11:13:07] [INFO] 
[11:13:07] [INFO] Results saved to: results/outputs/step_65_sn_ia_audit.json
