[11:09:13] [INFO] ======================================================================
[11:09:13] [INFO] STEP 5.41: PULSAR DYNAMICAL CALIBRATION
[11:09:13] [INFO] ======================================================================
[11:09:13] [INFO] 
[11:09:13] [INFO] Testing: Do observed residuals exceed Newtonian predictions?
[11:09:13] [INFO] This addresses the TEP vs GR ambiguity directly.
[11:09:13] [INFO] 
[11:09:13] [INFO] Generating Newtonian predictions...
[11:09:13] [INFO]   47_Tuc: predicted shift = 4.24 dex
[11:09:13] [INFO]   M15: predicted shift = 4.83 dex
[11:09:13] [INFO]   M13: predicted shift = 3.65 dex
[11:09:13] [INFO]   Terzan_5: predicted shift = 5.26 dex
[11:09:13] [INFO]   M28: predicted shift = 4.29 dex
[11:09:13] [INFO]   M62: predicted shift = 4.87 dex
[11:09:13] [INFO]   M5: predicted shift = 3.86 dex
[11:09:13] [INFO]   M3: predicted shift = 3.47 dex
[11:09:13] [INFO]   M53: predicted shift = 3.21 dex
[11:09:13] [INFO]   Omega_Cen: predicted shift = 4.40 dex
[11:09:13] [INFO]   M2: predicted shift = 3.92 dex
[11:09:13] [INFO]   NGC_6440: predicted shift = 5.16 dex
[11:09:13] [INFO]   NGC_6544: predicted shift = 3.76 dex
[11:09:13] [INFO]   M30: predicted shift = 3.57 dex
[11:09:13] [INFO]   NGC_6752: predicted shift = 3.72 dex
[11:09:13] [INFO]   Loaded from step_02: residual = 0.591 ± 0.049 dex
[11:09:13] [INFO] 
[11:09:13] [INFO] ======================================================================
[11:09:13] [INFO] COMPARISON TO OBSERVED RESIDUALS
[11:09:13] [INFO] ======================================================================
[11:09:13] [INFO] 
[11:09:13] [INFO] Newtonian Prediction (raw, no controls): 4.15 ± 0.62 dex
[11:09:13] [INFO] Observed Residual (after population controls): 0.59 ± 0.05 dex
[11:09:13] [INFO] 
[11:09:13] [INFO] Note: The Newtonian prediction is a raw shift; the observed is after
[11:09:13] [INFO] period+B-proxy matching. Even the minimum controlled residual is
[11:09:13] [INFO] far below the Newtonian expectation.
[11:09:13] [INFO] 
[11:09:13] [INFO] Difference (Observed - Predicted): -3.56 dex
[11:09:13] [INFO] Significance: -73.1σ
[11:09:13] [INFO] 
[11:09:13] [INFO] Interpretation: OBSERVED_MUCH_LESS_THAN_NEWTONIAN
[11:09:13] [INFO] Verdict: TEP_SUPPORTED
[11:09:13] [INFO] 
[11:09:13] [INFO] ======================================================================
[11:09:13] [INFO] Results saved to: /Users/matthewsmawfield/www/Temporal Equivalence Principle/TEP-COS/results/outputs/step_29_dynamical_calibration.json
[11:09:13] [INFO] ======================================================================
