[07:59:26] [INFO] ======================================================================
[07:59:26] [INFO] TEP-COS STEP 7.2: SN Ia DEEP AUDIT
[07:59:26] [INFO] ======================================================================
[07:59:26] [INFO] 
[07:59:26] [INFO] 1. DATA COMPLETENESS AUDIT
[07:59:26] [INFO] ----------------------------------------------------------------------
[07:59:26] [INFO] ✓ Pantheon+ data loaded: 1470 SNe Ia (z > 0.01)
[07:59:26] [INFO] ✓ All required columns present
[07:59:26] [INFO] 
[07:59:26] [INFO] 2. CROSS-VALIDATION WITH PREVIOUS RESULTS
[07:59:26] [INFO] ----------------------------------------------------------------------
[07:59:26] [INFO] ✓ Step 7.0 results loaded: r = 0.2178
[07:59:26] [INFO] ✓ Step 7.1 results loaded: overall_robust = False
[07:59:26] [INFO] 
[07:59:26] [INFO] 3. DATA QUALITY METRICS
[07:59:26] [INFO] ----------------------------------------------------------------------
[07:59:26] [INFO]    mB: 1470/1470 (100.0%)
[07:59:26] [INFO]    HOST_LOGMASS: 1470/1470 (100.0%)
[07:59:26] [INFO]    MU_SH0ES: 1470/1470 (100.0%)
[07:59:26] [INFO] 
[07:59:26] [INFO] 4. REDSHIFT COVERAGE ANALYSIS
[07:59:26] [INFO] ----------------------------------------------------------------------
[07:59:26] [INFO]    z = 0.01-0.1: 510 SNe
[07:59:26] [INFO]    z = 0.1-0.5: 750 SNe
[07:59:26] [INFO]    z = 0.5-1.0: 185 SNe
[07:59:26] [INFO]    z = 1.0-2.0: 24 SNe
[07:59:26] [INFO] 
[07:59:26] [INFO] 5. SYSTEMATIC BIAS DETECTION
[07:59:26] [INFO] ----------------------------------------------------------------------
[07:59:26] [INFO]    Hubble residual outliers (|z| > 3): 0
[07:59:26] [INFO] 
[07:59:26] [INFO] 6. CROSS-VALIDATION SUMMARY
[07:59:26] [INFO] ----------------------------------------------------------------------
[07:59:26] [INFO] 
[07:59:26] [INFO] ======================================================================
[07:59:26] [INFO] AUDIT COMPLETE
[07:59:26] [INFO] ======================================================================
[07:59:26] [INFO] 
[07:59:26] [INFO] ✓ No quality flags raised
[07:59:26] [INFO] 
[07:59:26] [INFO] ======================================================================
[07:59:26] [INFO] OVERALL: PASS
[07:59:26] [INFO] ======================================================================
[07:59:26] [INFO] 
[07:59:26] [INFO] Results saved to: results/outputs/sn_ia_audit.json
