[21:30:02] [INFO] --- Step 5.32: Full Density Scaling Simulation ---
[21:30:02] [INFO] Running 100 ensemble realizations for uncertainty quantification...
[21:30:02] [INFO] Simulating 33 clusters with exact parameters...
[21:30:02] [INFO]   Ensemble realization 1/100...
[21:30:02] [INFO]   Ensemble realization 10/100...
[21:30:02] [INFO]   Ensemble realization 20/100...
[21:30:02] [INFO]   Ensemble realization 30/100...
[21:30:02] [INFO]   Ensemble realization 40/100...
[21:30:02] [INFO]   Ensemble realization 50/100...
[21:30:02] [INFO]   Ensemble realization 60/100...
[21:30:02] [INFO]   Ensemble realization 70/100...
[21:30:02] [INFO]   Ensemble realization 80/100...
[21:30:02] [INFO]   Ensemble realization 90/100...
[21:30:03] [INFO]   Ensemble realization 100/100...
[21:30:03] [INFO] 
[21:30:03] [INFO] Newtonian Slope (Ensemble): 0.798 ± 0.004 (std) ± 0.000 (se) dex/dex
[21:30:03] [INFO]   95% Confidence Interval: [0.797, 0.799]
[21:30:03] [INFO] --------------------------------------------------
[21:30:03] [INFO] FULL DENSITY SCALING RESULTS (N=33 clusters, 100 ensemble realizations)
[21:30:03] [INFO] Newtonian Slope: 0.798 ± 0.000 dex / dex (ensemble)
[21:30:03] [INFO] Observed Slope:  0.319 ± 0.107 dex / dex
[21:30:03] [INFO] Suppression:     40.0% of expected scaling
[21:30:03] [INFO] Tension with Newtonian: -4.5σ (p=0.000)
[21:30:03] [INFO] --------------------------------------------------
[21:30:03] [INFO] Results saved to results/outputs/step_5_32_full_density_scaling.json
[21:30:03] [INFO] Updated site/figures/density_scaling.png
