[23:29:39] [INFO] ======================================================================
[23:29:39] [INFO] STEP 5.46: SPATIAL GRADIENT ANALYSIS
[23:29:39] [INFO] ======================================================================
[23:29:39] [INFO] 
[23:29:39] [INFO] Purpose: Test if Ṗ suppression varies with cluster radius
[23:29:39] [INFO] N-body prediction: Mass segregation → inner pulsars show MORE suppression
[23:29:39] [INFO] TEP prediction: Uniform field-like time dilation throughout cluster
[23:29:39] [INFO] 
[23:29:39] [INFO] Parsed 14 pulsars with radial positions from Freire catalog
[23:29:39] [INFO] Loaded 14 pulsar records
[23:29:39] [INFO] Field mean log|Ṗ|: -19.758
[23:29:39] [INFO] 
[23:29:39] [INFO]   Analyzing 47 Tuc: 2 pulsars
[23:29:39] [INFO] 
[23:29:39] [INFO]   Analyzing Terzan 5: 12 pulsars
[23:29:39] [INFO]     Pearson r = -0.299 (p = 0.344)
[23:29:39] [INFO]     Inner shift: 1.054 dex
[23:29:39] [INFO]     Outer shift: N/A dex
[23:29:39] [INFO] 
[23:29:39] [INFO]   M15: No data found
[23:29:39] [INFO] 
[23:29:39] [INFO]   M28: No data found
[23:29:39] [INFO] 
[23:29:39] [INFO]   M3: No data found
[23:29:39] [INFO] 
[23:29:39] [INFO]   Omega Cen: No data found
[23:29:39] [INFO] 
[23:29:39] [INFO]   M13: No data found
[23:29:39] [INFO] 
[23:29:39] [INFO]   M62: No data found
[23:29:39] [INFO] 
[23:29:39] [INFO] ======================================================================
[23:29:39] [INFO] PREDICTION TEST RESULTS
[23:29:39] [INFO] ======================================================================
[23:29:39] [INFO] Clusters analyzed: 1
[23:29:39] [INFO] N-body consistent: 0
[23:29:39] [INFO] TEP consistent: 0
[23:29:39] [INFO] Ambiguous: 1
[23:29:39] [INFO] 
[23:29:39] [INFO] Interpretation: Inconclusive / mixed evidence
[23:29:39] [INFO] 
[23:29:39] [INFO] Mean correlation across clusters: -0.299
[23:29:39] [INFO] Positive correlations: 0, Negative: 1
[23:29:39] [INFO] 
[23:29:39] [INFO] ======================================================================
[23:29:39] [INFO] Results saved to: /Users/matthewsmawfield/www/TEP-COS/results/outputs/step_5_46_spatial_gradient.json
[23:29:39] [INFO] Report saved to: /Users/matthewsmawfield/www/TEP-COS/results/outputs/step_5_46_spatial_gradient.md
[23:29:39] [INFO] ======================================================================
