[07:57:29] [INFO] ======================================================================
[07:57:29] [INFO] STEP 5.38: Power Analysis for Differential Test
[07:57:29] [INFO] ======================================================================
[07:57:29] [INFO] M4 Pro Optimized: Using 14 CPU cores
[07:57:29] [INFO] 
[07:57:29] [INFO] Observed Effect Sizes:
[07:57:29] [INFO]   GC Binary-Isolated difference: -0.323 dex
[07:57:29] [INFO]   Field Binary-Isolated difference: -0.047 dex
[07:57:29] [INFO]   Differential effect (GC - Field): 0.276 dex
[07:57:29] [INFO] 
[07:57:29] [INFO] Current Sample Sizes:
[07:57:29] [INFO]   GC Binary: 115, Isolated: 81
[07:57:29] [INFO]   Field Binary: 268, Isolated: 66
[07:57:29] [INFO] 
[07:57:29] [INFO] ----------------------------------------------------------------------
[07:57:29] [INFO] POWER ANALYSIS: Differential Test
[07:57:29] [INFO] ----------------------------------------------------------------------
[07:57:29] [INFO] Testing: Can we detect the observed differential effect (0.276 dex)?
[07:57:29] [INFO] 
[07:57:29] [INFO] 1. Current Statistical Power:
[07:57:29] [INFO]    Computing with 5000 simulations...
[07:57:30] [INFO]    Power with current sample: 98.5%
[07:57:30] [INFO]    (Probability of detecting effect if it exists)
[07:57:30] [INFO]    Result: Adequate power - good chance of detecting true effects
[07:57:30] [INFO] 
[07:57:30] [INFO] 2. Minimum Detectable Effect (80% power):
[07:57:30] [INFO]    Computing power curve with parallel simulations...
[07:57:32] [INFO]    Can detect effects ≥ 0.21 dex with 80% power
[07:57:32] [INFO] 
[07:57:32] [INFO] 3. Required Sample Sizes:
[07:57:32] [INFO]    To detect observed effect (0.276 dex) with 80% power:
[07:57:36] [INFO]    Need ~120 GC pulsars and ~120 Field pulsars
[07:57:36] [INFO]    (Currently have 196 GC, 334 Field)
[07:57:36] [INFO] 
[07:57:36] [INFO]    To detect a larger effect (0.30 dex, Cohen's d ~0.4) with 80% power:
[07:57:39] [INFO]    Need ~100 per group
[07:57:39] [INFO] 
[07:57:39] [INFO]    To detect a substantial effect (0.50 dex, Cohen's d ~0.7) with 80% power:
[07:57:40] [INFO]    Need ~40 per group
[07:57:40] [INFO] 
[07:57:40] [INFO] ======================================================================
[07:57:40] [INFO] RECOMMENDATIONS
[07:57:40] [INFO] ======================================================================
[07:57:40] [INFO] 
[07:57:40] [INFO] Results saved to: results/outputs/step_5_38_power_analysis.json
[07:57:40] [INFO] ======================================================================
