[11:04:23] [INFO] --- Step 11: Full Density Scaling Simulation ---
[11:04:23] [INFO] Running 100 ensemble realizations for uncertainty quantification...
[11:04:23] [INFO] Simulating 34 clusters with exact parameters...
[11:04:23] [INFO]   Ensemble realization 1/100...
[11:04:23] [INFO]   Ensemble realization 10/100...
[11:04:23] [INFO]   Ensemble realization 20/100...
[11:04:23] [INFO]   Ensemble realization 30/100...
[11:04:23] [INFO]   Ensemble realization 40/100...
[11:04:23] [INFO]   Ensemble realization 50/100...
[11:04:23] [INFO]   Ensemble realization 60/100...
[11:04:23] [INFO]   Ensemble realization 70/100...
[11:04:23] [INFO]   Ensemble realization 80/100...
[11:04:23] [INFO]   Ensemble realization 90/100...
[11:04:23] [INFO]   Ensemble realization 100/100...
[11:04:23] [INFO] 
[11:04:23] [INFO] Newtonian Slope (Ensemble): 0.798 ± 0.004 (std) ± 0.000 (se) dex/dex
[11:04:23] [INFO]   95% Confidence Interval: [0.797, 0.799]
[11:04:23] [INFO] --------------------------------------------------
[11:04:23] [INFO] FULL DENSITY SCALING RESULTS (N=33 clusters, 100 ensemble realizations)
[11:04:23] [INFO] Newtonian Slope: 0.798 ± 0.000 dex / dex (ensemble)
[11:04:23] [INFO] Observed Slope:  0.320 ± 0.107 dex / dex
[11:04:23] [INFO] Suppression:     40.1% of expected scaling
[11:04:23] [INFO] Tension with Newtonian: -4.5σ (p=0.000)
[11:04:23] [INFO] --------------------------------------------------
[11:04:23] [INFO] Results saved to results/outputs/step_11_full_density_scaling.json
[11:04:24] [INFO] Updated site/figures/step_11_density_scaling.png
