[11:09:34] [INFO] ======================================================================
[11:09:34] [INFO] STEP 5.49: SYSTEMATIC CEILING ANALYSIS
[11:09:34] [INFO] ======================================================================
[11:09:34] [INFO] 
[11:09:34] [INFO] Purpose: Quantify maximum plausible N-body/systematic contribution
[11:09:34] [INFO] Method: Conservative upper bounds on all known systematic effects
[11:09:34] [INFO] 
[11:09:34] [INFO] 
[11:09:34] [INFO] ======================================================================
[11:09:34] [INFO] INDIVIDUAL SYSTEMATIC BOUNDS
[11:09:34] [INFO] ======================================================================
[11:09:34] [INFO] 
[11:09:34] [INFO] SHKLOVSKII:
[11:09:34] [INFO]   Mechanism: Shklovskii effect (transverse kinematic acceleration)
[11:09:34] [INFO]   Max contribution: 0.000 dex
[11:09:34] [INFO]   Relevance: OPPOSITE to required direction - EXCLUDED as explanation
[11:09:34] [INFO] 
[11:09:34] [INFO] MASS SEGREGATION:
[11:09:34] [INFO]   Mechanism: Mass segregation (spatial bias in observed population)
[11:09:34] [INFO]   Max contribution: 0.100 dex
[11:09:34] [INFO]   Relevance: INSUFFICIENT: Explains at most 22% of observed suppression
[11:09:34] [INFO] 
[11:09:34] [INFO] BINARY ACCELERATION:
[11:09:34] [INFO]   Mechanism: Unmodeled binary orbital acceleration
[11:09:34] [INFO]   Max contribution: 0.050 dex
[11:09:34] [INFO]   Relevance: NEGLIGIBLE: Explains at most 11% of observed suppression
[11:09:34] [INFO] 
[11:09:34] [INFO] SELECTION EFFECTS:
[11:09:34] [INFO]   Mechanism: Observational selection (detection bias toward bright/high-Ṗ)
[11:09:34] [INFO]   Max contribution: 0.000 dex
[11:09:34] [INFO]   Relevance: OPPOSITE to required direction - EXCLUDED as explanation
[11:09:34] [INFO] 
[11:09:34] [INFO] METALLICITY:
[11:09:34] [INFO]   Mechanism: Metallicity differences (GC vs field)
[11:09:34] [INFO]   Max contribution: 0.080 dex
[11:09:34] [INFO]   Relevance: SMALL: Explains at most 18% of observed suppression
[11:09:34] [INFO] 
[11:09:34] [INFO] ======================================================================
[11:09:34] [INFO] COMBINED SYSTEMATIC CEILING
[11:09:34] [INFO] ======================================================================
[11:09:34] [INFO] Max helpful systematic: 0.230 dex
[11:09:34] [INFO] Effects that worsen discrepancy: 0.230 dex
[11:09:34] [INFO] Net ceiling: 0.000 dex
[11:09:34] [INFO] Conservative ceiling: 0.230 dex
[11:09:34] [INFO] 
[11:09:34] [INFO] ======================================================================
[11:09:34] [INFO] COMPARISON TO OBSERVED DISCREPANCY
[11:09:34] [INFO] ======================================================================
[11:09:34] [INFO] Observed suppression: 0.355 dex
[11:09:34] [INFO] Systematic ceiling:   0.230 dex
[11:09:34] [INFO] Explainable:        64.8%
[11:09:34] [INFO] Unexplained:        0.125 dex (1.6σ)
[11:09:34] [INFO] 
[11:09:34] [INFO] ======================================================================
[11:09:34] [INFO] VERDICT
[11:09:34] [INFO] ======================================================================
[11:09:34] [INFO] Maximum systematic (0.23 dex) explains only 65% of observed suppression (0.35 dex). Remaining 0.12 dex (1.6σ) requires non-systematic explanation.
[11:09:34] [INFO] 
[11:09:34] [INFO]   → Systematic effects could potentially explain the observation
[11:09:34] [INFO] 
[11:09:34] [INFO] ======================================================================
[11:09:34] [INFO] Results saved to: /Users/matthewsmawfield/www/Temporal Equivalence Principle/TEP-COS/results/outputs/step_36_systematic_ceiling.json
[11:09:34] [INFO] Report saved to: /Users/matthewsmawfield/www/Temporal Equivalence Principle/TEP-COS/results/outputs/step_36_systematic_ceiling.md
[11:09:34] [INFO] ======================================================================
