[11:03:44] [INFO] ================================================================================
[11:03:44] [INFO] Script: step_02_pulsar_population_controls
[11:03:44] [INFO] Started: 2026-07-03T11:03:44.190927
[11:03:44] [INFO] ================================================================================
[11:03:44] [INFO] [0;37m[11:03:44] [INFO] ================================================================================[0m
[11:03:44] [INFO] [0;37m[11:03:44] [INFO] Script: step_02_pulsar_population_controls[0m
[11:03:44] [INFO] [0;37m[11:03:44] [INFO] Started: 2026-07-03T11:03:44.190927[0m
[11:03:44] [INFO] [0;37m[11:03:44] [INFO] ================================================================================[0m
[11:03:44] [INFO]   Downloading (attempt 1/3): https://www3.mpifr-bonn.mpg.de/staff/pfreire/GCpsr.txt...
[11:03:44] [INFO]   Downloaded 48158 bytes
[11:03:44] [INFO]   Downloading (attempt 1/3): https://www.atnf.csiro.au/research/pulsar/psrcat/downloads/p...
[11:03:49] [INFO]   Downloaded 1224627 bytes
[11:03:53] [INFO] 
[11:03:53] [INFO] Running period cut sensitivity analysis...
[11:03:55] [INFO]   P < 10.0 ms: GC N=177, Field N=151, Diff=0.777 dex, p=9.46e-25
[11:03:58] [INFO]   P < 30.0 ms: GC N=198, Field N=202, Diff=0.591 dex, p=5.42e-14
[11:04:02] [INFO]   P < 50.0 ms: GC N=200, Field N=229, Diff=0.468 dex, p=5.41e-09
[11:04:02] [INFO] Wrote: /Users/matthewsmawfield/www/Temporal Equivalence Principle/TEP-COS/results/outputs/step_02_pulsar_population_controls.json
[11:04:02] [INFO] Wrote: /Users/matthewsmawfield/www/Temporal Equivalence Principle/TEP-COS/results/outputs/step_02_pulsar_population_controls.csv
[11:04:02] [INFO] Wrote: /Users/matthewsmawfield/www/Temporal Equivalence Principle/TEP-COS/results/outputs/step_02_pulsar_population_controls.md
