[21:31:25] [INFO] STEP 5.41b: SENSITIVITY ANALYSIS FOR DYNAMICAL CALIBRATION
[21:31:25] [INFO] ======================================================================
[21:31:25] [INFO] 
[21:31:25] [INFO] Purpose: Test robustness of 311σ tension claim to cluster parameter uncertainties
[21:31:25] [INFO] 
[21:31:25] [INFO] ======================================================================
[21:31:25] [INFO] CLUSTER PARAMETER SENSITIVITY ANALYSIS
[21:31:25] [INFO] ======================================================================
[21:31:41] [INFO] 
[21:31:41] [INFO] Sensitivity Analysis Results (1000 iterations):
[21:31:41] [INFO]   Mean prediction: 17.11 dex
[21:31:41] [INFO]   Standard deviation: 0.17 dex
[21:31:41] [INFO]   68% CI: [16.95, 17.28] dex
[21:31:41] [INFO]   95% CI: [16.77, 17.47] dex
[21:31:41] [INFO] 
[21:31:41] [INFO] Robustness Test:
[21:31:41] [INFO]   Observed residual: 0.59 ± 0.05 dex
[21:31:41] [INFO]   Minimum Newtonian prediction (95% CI lower): 16.77 dex
[21:31:41] [INFO]   Maximum difference: -16.18 dex
[21:31:41] [INFO]   Significance (conservative): 305.3σ
[21:31:41] [INFO]   Conclusion: Tension persists at >2σ even with conservative parameter bounds
[21:31:41] [INFO] 
[21:31:41] [INFO] ======================================================================
[21:31:41] [INFO] INDIVIDUAL PARAMETER SENSITIVITY
[21:31:41] [INFO] ======================================================================
[21:31:41] [INFO] 
[21:31:41] [INFO] Terzan_5 parameter sensitivities:
[21:31:41] [INFO]   d(shift)/dM: 2.31e-07 dex/(M_sun)
[21:31:41] [INFO]   d(shift)/d(rc): -4.00 dex/parsec
[21:31:41] [INFO] 
[21:31:41] [INFO] Uncertainty propagation:
[21:31:41] [INFO]   Mass uncertainty contribution: ±0.12 dex
[21:31:41] [INFO]   Core radius uncertainty contribution: ±0.12 dex
[21:31:41] [INFO]   Combined (quadrature): ±0.17 dex
[21:31:41] [INFO] 
[21:31:41] [INFO] ======================================================================
[21:31:41] [INFO] Results saved to: /Users/matthewsmawfield/www/TEP-COS/results/outputs/step_5_41b_sensitivity_analysis.json
[21:31:41] [INFO] ======================================================================
