[21:31:25] [INFO] ======================================================================
[21:31:25] [INFO] STEP 5.41: PULSAR DYNAMICAL CALIBRATION
[21:31:25] [INFO] ======================================================================
[21:31:25] [INFO] 
[21:31:25] [INFO] Testing: Do observed residuals exceed Newtonian predictions?
[21:31:25] [INFO] This addresses the TEP vs GR ambiguity directly.
[21:31:25] [INFO] 
[21:31:25] [INFO] Generating Newtonian predictions...
[21:31:25] [INFO]   47_Tuc: predicted shift = 3.98 dex
[21:31:25] [INFO]   M15: predicted shift = 4.57 dex
[21:31:25] [INFO]   M13: predicted shift = 3.39 dex
[21:31:25] [INFO]   Terzan_5: predicted shift = 5.00 dex
[21:31:25] [INFO]   M28: predicted shift = 4.03 dex
[21:31:25] [INFO]   M62: predicted shift = 4.60 dex
[21:31:25] [INFO]   M5: predicted shift = 3.60 dex
[21:31:25] [INFO]   M3: predicted shift = 3.21 dex
[21:31:25] [INFO]   M53: predicted shift = 2.95 dex
[21:31:25] [INFO]   Omega_Cen: predicted shift = 4.14 dex
[21:31:25] [INFO]   M2: predicted shift = 3.66 dex
[21:31:25] [INFO]   NGC_6440: predicted shift = 4.90 dex
[21:31:25] [INFO]   NGC_6544: predicted shift = 3.50 dex
[21:31:25] [INFO]   M30: predicted shift = 3.31 dex
[21:31:25] [INFO]   NGC_6752: predicted shift = 3.46 dex
[21:31:25] [INFO]   Loaded from step_5_10: residual = 0.592 ± 0.051 dex
[21:31:25] [INFO] 
[21:31:25] [INFO] ======================================================================
[21:31:25] [INFO] COMPARISON TO OBSERVED RESIDUALS
[21:31:25] [INFO] ======================================================================
[21:31:25] [INFO] 
[21:31:25] [INFO] Newtonian Prediction (raw, no controls): 3.89 ± 0.62 dex
[21:31:25] [INFO] Observed Residual (after population controls): 0.59 ± 0.05 dex
[21:31:25] [INFO] 
[21:31:25] [INFO] Note: The Newtonian prediction is a raw shift; the observed is after
[21:31:25] [INFO] period+B-proxy matching. Even the minimum controlled residual is
[21:31:25] [INFO] far below the Newtonian expectation.
[21:31:25] [INFO] 
[21:31:25] [INFO] Difference (Observed - Predicted): -3.29 dex
[21:31:25] [INFO] Significance: -64.9σ
[21:31:25] [INFO] 
[21:31:25] [INFO] Interpretation: OBSERVED_MUCH_LESS_THAN_NEWTONIAN
[21:31:25] [INFO] Verdict: TEP_SUPPORTED
[21:31:25] [INFO] 
[21:31:25] [INFO] ======================================================================
[21:31:25] [INFO] Results saved to: /Users/matthewsmawfield/www/TEP-COS/results/outputs/step_5_41_dynamical_calibration.json
[21:31:25] [INFO] ======================================================================
