[21:31:42] [INFO] ======================================================================
[21:31:42] [INFO] STEP 5.42: REAL CMC DATA COMPARISON
[21:31:42] [INFO] ======================================================================
[21:31:42] [INFO] 
[21:31:42] [INFO] Purpose: Validate synthetic N-body against real cluster data
[21:31:42] [INFO] Key Question: Do real pulsars match Newtonian or TEP predictions?
[21:31:42] [INFO] 
[21:31:42] [INFO]   Loaded field mean from step_5_10: -19.758 dex
[21:31:42] [INFO] 
[21:31:42] [INFO]   Loaded data for 33 clusters from CSV
[21:31:42] [INFO] 
[21:31:42] [INFO]   47_Tuc:
[21:31:42] [INFO]     Expected pulsars (config): 25
[21:31:42] [INFO]     log(ρ_c): 4.8
[21:31:42] [INFO]     N-body predicted shift: 1.92 dex
[21:31:42] [INFO]     Actual pulsars in CSV: 23
[21:31:42] [INFO]     Mean log|Ṗ|: -19.483 dex
[21:31:42] [INFO]     Computed shift: 0.275 dex (from actual data)
[21:31:42] [INFO]     Observed shift (final): 0.28 dex
[21:31:42] [INFO]     Ratio (Observed/N-body): 0.14
[21:31:42] [INFO]     Status: TEP_CONSISTENT
[21:31:42] [INFO] 
[21:31:42] [INFO]   Terzan_5:
[21:31:42] [INFO]     Expected pulsars (config): 37
[21:31:42] [INFO]     log(ρ_c): 5.5
[21:31:42] [INFO]     N-body predicted shift: 2.92 dex
[21:31:42] [INFO]     Actual pulsars in CSV: 47
[21:31:42] [INFO]     Mean log|Ṗ|: -18.878 dex
[21:31:42] [INFO]     Computed shift: 0.880 dex (from actual data)
[21:31:42] [INFO]     Observed shift (final): 0.88 dex
[21:31:42] [INFO]     Ratio (Observed/N-body): 0.30
[21:31:42] [INFO]     Status: UNCERTAIN
[21:31:42] [INFO] 
[21:31:42] [INFO]   M28:
[21:31:42] [INFO]     Expected pulsars (config): 8
[21:31:42] [INFO]     log(ρ_c): 4.5
[21:31:42] [INFO]     N-body predicted shift: 1.97 dex
[21:31:42] [INFO]     Actual pulsars in CSV: 9
[21:31:42] [INFO]     Mean log|Ṗ|: -19.004 dex
[21:31:42] [INFO]     Computed shift: 0.754 dex (from actual data)
[21:31:42] [INFO]     Observed shift (final): 0.75 dex
[21:31:42] [INFO]     Ratio (Observed/N-body): 0.38
[21:31:42] [INFO]     Status: UNCERTAIN
[21:31:42] [INFO] 
[21:31:42] [INFO]   M15:
[21:31:42] [INFO]     Expected pulsars (config): 10
[21:31:42] [INFO]     log(ρ_c): 5.0
[21:31:42] [INFO]     N-body predicted shift: 2.44 dex
[21:31:42] [INFO]     Actual pulsars in CSV: 8
[21:31:42] [INFO]     Mean log|Ṗ|: -18.814 dex
[21:31:42] [INFO]     Computed shift: 0.944 dex (from actual data)
[21:31:42] [INFO]     Observed shift (final): 0.94 dex
[21:31:42] [INFO]     Ratio (Observed/N-body): 0.39
[21:31:42] [INFO]     Status: UNCERTAIN
[21:31:42] [INFO] 
[21:31:42] [INFO]   M62:
[21:31:42] [INFO]     Expected pulsars (config): 6
[21:31:42] [INFO]     log(ρ_c): 5.2
[21:31:42] [INFO]     N-body predicted shift: 2.52 dex
[21:31:42] [INFO]     Actual pulsars in CSV: 9
[21:31:42] [INFO]     Mean log|Ṗ|: -18.823 dex
[21:31:42] [INFO]     Computed shift: 0.935 dex (from actual data)
[21:31:42] [INFO]     Observed shift (final): 0.94 dex
[21:31:42] [INFO]     Ratio (Observed/N-body): 0.37
[21:31:42] [INFO]     Status: UNCERTAIN
[21:31:42] [INFO] 
[21:31:42] [INFO]   M13:
[21:31:42] [INFO]     Expected pulsars (config): 5
[21:31:42] [INFO]     log(ρ_c): 4.5
[21:31:42] [INFO]     N-body predicted shift: 2.10 dex
[21:31:42] [INFO]     Actual pulsars in CSV: 8
[21:31:42] [INFO]     Mean log|Ṗ|: -20.013 dex
[21:31:42] [INFO]     Computed shift: 0.255 dex (from actual data)
[21:31:42] [INFO]     Observed shift (final): 0.26 dex
[21:31:42] [INFO]     Ratio (Observed/N-body): 0.12
[21:31:42] [INFO]     Status: TEP_CONSISTENT
[21:31:42] [INFO] 
[21:31:42] [INFO]   M3:
[21:31:42] [INFO]     Expected pulsars (config): 15
[21:31:42] [INFO]     log(ρ_c): 4.2
[21:31:42] [INFO]     N-body predicted shift: 1.85 dex
[21:31:42] [INFO]     Actual pulsars in CSV: 5
[21:31:42] [INFO]     Mean log|Ṗ|: -19.977 dex
[21:31:42] [INFO]     Computed shift: 0.219 dex (from actual data)
[21:31:42] [INFO]     Observed shift (final): 0.22 dex
[21:31:42] [INFO]     Ratio (Observed/N-body): 0.12
[21:31:42] [INFO]     Status: TEP_CONSISTENT
[21:31:42] [INFO] 
[21:31:42] [INFO]   M5:
[21:31:42] [INFO]     Expected pulsars (config): 5
[21:31:42] [INFO]     log(ρ_c): 3.5
[21:31:42] [INFO]     N-body predicted shift: 1.48 dex
[21:31:42] [INFO]     Actual pulsars in CSV: 7
[21:31:42] [INFO]     Mean log|Ṗ|: -19.773 dex
[21:31:42] [INFO]     Computed shift: 0.014 dex (from actual data)
[21:31:42] [INFO]     Observed shift (final): 0.01 dex
[21:31:42] [INFO]     Ratio (Observed/N-body): 0.01
[21:31:42] [INFO]     Status: TEP_CONSISTENT
[21:31:42] [INFO] 
[21:31:42] [INFO] ======================================================================
[21:31:42] [INFO] SUMMARY
[21:31:42] [INFO] ======================================================================
[21:31:42] [INFO] 
[21:31:42] [INFO] Clusters analyzed: 8
[21:31:42] [INFO] TEP-consistent: 4
[21:31:42] [INFO] Newtonian-consistent: 0
[21:31:42] [INFO] 
[21:31:42] [INFO] Average (Observed/N-body): 0.23
[21:31:42] [INFO] Interpretation: Real data shows 23% of Newtonian prediction
[21:31:42] [INFO] 
[21:31:42] [INFO] Overall Status: STRONG_TEP_SUPPORT
[21:31:42] [INFO] Conclusion: Real data significantly smaller than Newtonian - TEP supported
[21:31:42] [INFO] 
[21:31:42] [INFO] --- RECOMMENDATIONS FOR REAL CMC ANALYSIS ---
[21:31:42] [INFO] 1. Obtain actual CMC simulation outputs for 47 Tuc, Terzan 5
[21:31:42] [INFO] 2. Compare CMC predicted positions/velocities to real pulsar data
[21:31:42] [INFO] 3. Test if CMC can reproduce suppressed density scaling
[21:31:42] [INFO] 4. If CMC fails, this strongly supports TEP over standard dynamics
[21:31:42] [INFO] 
[21:31:42] [INFO] ======================================================================
[21:31:42] [INFO] Results saved to: /Users/matthewsmawfield/www/TEP-COS/results/outputs/step_5_42_cmc_real_comparison.json
[21:31:42] [INFO] ======================================================================
