[07:59:18] [INFO] ======================================================================
[07:59:18] [INFO] STEP 5.48: CMC LITERATURE COMPARISON
[07:59:18] [INFO] ======================================================================
[07:59:18] [INFO] 
[07:59:18] [INFO] Purpose: Compare observed density scaling to published CMC predictions
[07:59:18] [INFO] Method: Meta-analysis of literature CMC models
[07:59:18] [INFO] 
[07:59:18] [INFO] Observed density scaling slope: 0.393 ± 0.079
[07:59:18] [INFO]   (from 33 clusters)
[07:59:18] [INFO] 
[07:59:18] [INFO] CMC literature consensus:
[07:59:18] [INFO]   Weighted mean slope: 0.748 ± 0.039
[07:59:18] [INFO]   Range: [0.65, 0.86]
[07:59:18] [INFO]   Sources: 4 publications
[07:59:18] [INFO] 
[07:59:18] [INFO] ======================================================================
[07:59:18] [INFO] COMPARISON RESULTS
[07:59:18] [INFO] ======================================================================
[07:59:18] [INFO] CMC predicted: 0.748 ± 0.039
[07:59:18] [INFO] Observed:      0.393 ± 0.079
[07:59:18] [INFO] Difference:    0.355 ± 0.088
[07:59:18] [INFO] Significance:  4.04σ (p = 5.37e-05)
[07:59:18] [INFO] Suppression:   47.5% of Newtonian prediction
[07:59:18] [INFO] 
[07:59:18] [INFO] ======================================================================
[07:59:18] [INFO] CLUSTER-SPECIFIC COMPARISONS
[07:59:18] [INFO] ======================================================================
[07:59:18] [INFO] 
[07:59:18] [INFO] Terzan 5 (ye_2022_terzan5):
[07:59:18] [INFO]   Simulated: -19.250 dex
[07:59:18] [INFO]   Observed:  -19.080 dex
[07:59:18] [INFO]   Difference: 0.170 dex (observed SMALLER)
[07:59:18] [INFO]   Note: Observed pulsars show systematically smaller Ṗ than CMC predicts
[07:59:18] [INFO] 
[07:59:18] [INFO] ======================================================================
[07:59:18] [INFO] INTERPRETATION
[07:59:18] [INFO] ======================================================================
[07:59:18] [INFO] Observed density scaling (0.39) is significantly suppressed compared to CMC predictions (0.75). The 48% suppression is highly significant (4.0σ) and cannot be explained by standard N-body dynamics.
[07:59:18] [INFO] 
[07:59:18] [INFO] Key conclusions:
[07:59:18] [INFO]   - CMC literature predicts density scaling slope of 0.75 ± 0.04
[07:59:18] [INFO]   - Observed slope of 0.39 is 48% smaller
[07:59:18] [INFO]   - Discrepancy is statistically significant at 4.0σ
[07:59:18] [INFO]   - Standard N-body/CMC models do NOT reproduce observed suppression
[07:59:18] [INFO]   - Cluster-specific comparisons (Terzan 5, 47 Tuc) confirm systematic offset
[07:59:18] [INFO] 
[07:59:18] [INFO] ======================================================================
[07:59:18] [INFO] Results saved to: /Users/matthewsmawfield/www/Temporal Equivalence Principle/TEP-COS/results/outputs/step_5_48_cmc_literature.json
[07:59:18] [INFO] Report saved to: /Users/matthewsmawfield/www/Temporal Equivalence Principle/TEP-COS/results/outputs/step_5_48_cmc_literature.md
[07:59:18] [INFO] ======================================================================
