[11:09:35] [INFO] ======================================================================
[11:09:35] [INFO] CMC EXOTIC PHYSICS QUANTIFICATION AND SENSITIVITY SWEEP
[11:09:35] [INFO] ======================================================================
[11:09:35] [INFO] 
[11:09:35] [INFO] [0/3] Loading observed results and CMC predictions...
[11:09:35] [INFO]   Raw excess (period-matched): 0.612 dex
[11:09:35] [INFO]   Density slope: 0.393 ± 0.078 dex/dex
[11:09:35] [INFO]   Binary inversion: -0.329 dex
[11:09:35] [INFO]   CMC predicted excess: 1.880 dex
[11:09:35] [INFO]   CMC predicted slope: 0.748 dex/dex
[11:09:35] [INFO] 
[11:09:35] [INFO] [1/3] Evaluating exotic physics mechanisms...
[11:09:35] [INFO]   Mechanisms tested: 5
[11:09:35] [INFO]   Full solutions (all 3 discrepancies): 0
[11:09:35] [INFO]   Conclusion: No tested exotic mechanism can address all three discrepancies simultaneously.
[11:09:35] [INFO] 
[11:09:35] [INFO] [2/3] Computing Bayesian evidence ratio...
[11:09:35] [INFO]   Bayes factor: 3.09e+121
[11:09:35] [INFO]   Evidence: Decisive
[11:09:35] [INFO] 
[11:09:35] [INFO] [3/3] Performing parameter sensitivity sweep...
[11:09:35] [INFO]   All single mechanisms exclude observed: False
[11:09:35] [INFO]   Required suppression: 47%
[11:09:35] [INFO] 
[11:09:35] [INFO] ======================================================================
[11:09:35] [INFO] RESULTS SAVED
[11:09:35] [INFO]   JSON: /Users/matthewsmawfield/www/Temporal Equivalence Principle/TEP-COS/results/outputs/step_41_exotic_physics_quantification.json
[11:09:35] [INFO]   Markdown: /Users/matthewsmawfield/www/Temporal Equivalence Principle/TEP-COS/results/outputs/step_41_exotic_physics_quantification.md
[11:09:35] [INFO] ======================================================================
[11:09:35] [INFO] 
[11:09:35] [INFO] Standard dynamics fails on amplitude (22.3σ overprediction) and slope (4.5σ discrepancy). No tested exotic mechanism addresses all three failures simultaneously (0/5). TEP is favored by Bayes factor 3.09e+121 (Decisive evidence).
