[23:40:20] [INFO] ======================================================================
[23:40:20] [INFO] SDSS J1004+4112 TEMPORAL SHEAR ANALYSIS
[23:40:20] [INFO] 14.5-year r-band monitoring (Munoz et al. 2022)
[23:40:20] [INFO] ======================================================================
[23:40:20] [INFO] 
[23:40:20] [INFO] System: z_lens = 0.68, z_source = 1.734
[23:40:20] [INFO] Einstein radius: 14.62"
[23:40:20] [INFO] Known delays: A-C = 825.2d, B-C = 782.2d, D-C = 2458.5d
[23:40:20] [INFO] Geometric factor (1+z_S)/(1+z_L) = 1.63
[23:40:20] [INFO] 
[23:40:20] [INFO] Loaded 1018 epochs spanning 14.5 years
[23:40:20] [INFO] 
[23:40:20] [INFO] ----------------------------------------------------------------------
[23:40:20] [INFO] TEMPORAL SHEAR RESULTS
[23:40:20] [INFO] ----------------------------------------------------------------------
[23:40:20] [INFO] 
[23:40:20] [INFO] A-C: Insufficient data for fit
[23:40:20] [INFO] 
[23:40:20] [INFO] B-C: Insufficient data for fit
[23:40:20] [INFO] 
[23:40:20] [INFO] A-B:
[23:40:20] [INFO]   Broadband delay: 43.0 days
[23:40:20] [INFO]   Temporal shear Γ = 1.3 ± 0.4 days/decade (3.5σ)
[23:40:20] [INFO]   Scale-dependent delays:
[23:40:20] [INFO]     τ=  40d: Δt =    -1.0d (r=0.99)
[23:40:20] [INFO]     τ=  80d: Δt =     0.0d (r=1.00)
[23:40:20] [INFO]     τ= 160d: Δt =     0.0d (r=1.00)
[23:40:20] [INFO]     τ= 320d: Δt =     0.0d (r=1.00)
[23:40:20] [INFO]     τ= 640d: Δt =     1.0d (r=1.00)
[23:40:20] [INFO] 
[23:40:20] [INFO] ======================================================================
[23:40:20] [INFO] SUMMARY
[23:40:20] [INFO] ======================================================================
[23:40:20] [INFO] 
[23:40:20] [INFO] Mean |Γ| across pairs: 1.3 days/decade
[23:40:20] [INFO] Individual Γ values: ['1.3']
[23:40:20] [INFO] 
[23:40:20] [INFO] TEP prediction (scaled from DESJ0408): |Γ| ~ 25.4 days/decade
[23:40:20] [INFO] Observed mean |Γ|: 1.3 days/decade
[23:40:20] [INFO] 
[23:40:20] [INFO] Results saved to: /Users/matthewsmawfield/www/TEP-COS/results/outputs/j1004_temporal_shear_results.json
