[11:04:14] [INFO] ======================================================================
[11:04:14] [INFO] PER-CLUSTER CONTROLLED RESIDUALS
[11:04:14] [INFO] ======================================================================
[11:04:14] [INFO] 
[11:04:14] [INFO] Field MSPs: 202
[11:04:14] [INFO] GC MSPs: 198
[11:04:14] [INFO] 
[11:04:14] [INFO] Cluster                           N  Controlled Residual        SEM
[11:04:14] [INFO] ----------------------------------------------------------------------
[11:04:14] [INFO] Terzan 5                         47             +0.340 dex    0.035
[11:04:14] [INFO] 47 Tuc (NGC 104)                 23             +0.108 dex    0.026
[11:04:14] [INFO] NGC 6517                         13             +0.309 dex    0.079
[11:04:14] [INFO] M62 (NGC 6266)                    9             +0.372 dex    0.083
[11:04:14] [INFO] M28 (NGC 6626)                    9             +0.204 dex    0.040
[11:04:14] [INFO] Omega Centauri (NGC 5139)         8             +0.091 dex    0.034
[11:04:14] [INFO] M15 (NGC 7078)                    8             +0.335 dex    0.097
[11:04:14] [INFO] M13 (NGC 6205)                    8             +0.017 dex    0.141
[11:04:14] [INFO] NGC 6440                          7             +0.196 dex    0.064
[11:04:14] [INFO] M5 (NGC 5904)                     7             +0.014 dex    0.057
[11:04:14] [INFO] M2 (NGC 7089)                     7             +0.092 dex    0.015
[11:04:14] [INFO] NGC 6752                          6             +0.394 dex    0.155
[11:04:14] [INFO] Terzan 1                          6             +0.695 dex    0.183
[11:04:14] [INFO] M3 (NGC 5272)                     5             +0.009 dex    0.056
[11:04:14] [INFO] M53 (NGC 5024)                    4             +0.041 dex    0.007
[11:04:14] [INFO] M71 (NGC 6838)                    3             +0.063 dex    0.029
[11:04:14] [INFO] NGC 6441                          3             +0.221 dex    0.191
[11:04:14] [INFO] NGC 1851                          2             +0.220 dex    0.102
[11:04:14] [INFO] NGC 6624                          2             +0.677 dex    0.431
[11:04:14] [INFO] NGC 6760                          2             -0.072 dex    0.039
[11:04:14] [INFO] M92 (NGC 6341)                    2             +0.158 dex    0.056
[11:04:14] [INFO] NGC 6397                          2             +0.192 dex    0.159
[11:04:14] [INFO] M22 (NGC 6656)                    2             -0.109 dex    0.074
[11:04:14] [INFO] NGC 6544                          2             +0.056 dex    0.037
[11:04:14] [INFO] NGC 6522                          2             +0.441 dex    0.213
[11:04:14] [INFO] 
[11:04:14] [INFO] ======================================================================
[11:04:14] [INFO] SUMMARY
[11:04:14] [INFO] ======================================================================
[11:04:14] [INFO] 
[11:04:14] [INFO] Number of clusters: 25
[11:04:14] [INFO] Mean controlled residual: +0.203 dex
[11:04:14] [INFO] Weighted mean: +0.233 dex
[11:04:14] [INFO] Std across clusters: 0.202 dex
[11:04:14] [INFO] Range: -0.109 to +0.695 dex
[11:04:14] [INFO] 
[11:04:14] [INFO] --- DENSITY CORRELATION TEST ---
[11:04:14] [INFO] Controlled residual vs log(ρc):
[11:04:14] [INFO]   Pearson r = 0.666
[11:04:14] [INFO]   p-value   = 0.0005
[11:04:14] [INFO] 
[11:04:14] [INFO] Result: Controlled residuals correlate with density.
[11:04:14] [INFO]   This is consistent with TEP screening—field strength varies
[11:04:14] [INFO]   with ambient density until saturation at ρc ≈ 20 g/cm³.
[11:04:14] [INFO] 
[11:04:14] [INFO] Results saved to:
[11:04:14] [INFO]   /Users/matthewsmawfield/www/Temporal Equivalence Principle/TEP-COS/results/outputs/step_07_per_cluster_controlled_residuals.json
[11:04:14] [INFO]   /Users/matthewsmawfield/www/Temporal Equivalence Principle/TEP-COS/results/outputs/step_07_per_cluster_controlled_residuals.md
