[07:57:25] [INFO] Loading binary analysis results...
[07:57:25] [INFO] ======================================================================
[07:57:25] [INFO] INTEGRATED BINARY CONTROL ANALYSIS
[07:57:25] [INFO] ======================================================================
[07:57:25] [INFO] 
[07:57:25] [INFO] 1. GLOBULAR CLUSTER BINARIES (Step 5.11)
[07:57:25] [INFO] ----------------------------------------------------------------------
[07:57:25] [INFO] Binary MSPs: 115
[07:57:25] [INFO] Isolated MSPs: 81
[07:57:25] [INFO] Mean log|Ṗ| (Binary): -19.290
[07:57:25] [INFO] Mean log|Ṗ| (Isolated): -18.967
[07:57:25] [INFO] Difference (Binary - Isolated): -0.323 dex
[07:57:25] [INFO] t-test p-value: 0.0068
[07:57:25] [INFO] Significance: 0.5σ
[07:57:25] [INFO] 
[07:57:25] [INFO] NOTE: Binary inversion detected.
[07:57:25] [INFO] Binary MSPs exhibit slower spin-down than isolated MSPs in GCs,
[07:57:25] [INFO] which is inconsistent with standard dynamical predictions.
[07:57:25] [INFO] 
[07:57:25] [INFO] 2. FIELD BINARY CONTROL (Step 5.12)
[07:57:25] [INFO] ----------------------------------------------------------------------
[07:57:25] [INFO] Binary MSPs: 268
[07:57:25] [INFO] Isolated MSPs: 66
[07:57:25] [INFO] Mean log|Ṗ| (Binary): 0.171
[07:57:25] [INFO] Mean log|Ṗ| (Isolated): 0.218
[07:57:25] [INFO] Difference (Binary - Isolated): -0.047 dex
[07:57:25] [INFO] t-test p-value: 0.700
[07:57:25] [INFO] Result: NULL (consistent with zero)
[07:57:25] [INFO] 
[07:57:25] [INFO] 3. DIFFERENTIAL TEST: GC vs FIELD
[07:57:25] [INFO] ----------------------------------------------------------------------
[07:57:25] [INFO] GC Binary-Isolated Difference: -0.323 dex
[07:57:25] [INFO] Field Binary-Isolated Difference: -0.047 dex
[07:57:25] [INFO] Differential Signal: -0.276 dex
[07:57:25] [INFO] Z-score: -1.63
[07:57:25] [INFO] p-value: 0.1035
[07:57:25] [INFO] 
[07:57:25] [INFO] Interpretation: INCONCLUSIVE
[07:57:25] [INFO] 
[07:57:25] [INFO] Conclusion:
[07:57:25] [INFO] The binary-inversion signal appears environmental rather than intrinsic:
[07:57:25] [INFO] - GCs show significant binary-isolated difference (inverted)
[07:57:25] [INFO] - Field shows no difference (p=0.70, null control)
[07:57:25] [INFO] - This supports the TEP interpretation over population effects
[07:57:25] [INFO] ======================================================================
[07:57:25] [INFO] 
[07:57:25] [INFO] Results saved to: results/outputs/step_5_36_integrated_binary_control.json
[07:57:25] [INFO] ======================================================================
