[11:09:35] [INFO] ================================================================================
[11:09:35] [INFO] PARAMETER-FREE TEP DERIVATION OF Γ
[11:09:35] [INFO] ================================================================================
[11:09:35] [INFO] 
[11:09:35] [INFO] THE PHYSICS:
[11:09:35] [INFO] ============
[11:09:35] [INFO] From manuscript 12 (TEP-H0), the TEP effect operates on CLOCK RATES via
[11:09:35] [INFO] the conformal factor A(Φ) ≈ 1 - ηΦ/c², where Φ is the gravitational potential.
[11:09:35] [INFO] 
[11:09:35] [INFO] For pulsar period: P_obs = P_true × A(Φ) (period contraction in deep potentials)
[11:09:35] [INFO] 
[11:09:35] [INFO] This is fundamentally different from Newtonian gravity, where the
[11:09:35] [INFO] observable Ṗ excess comes from cluster acceleration a = GM/r².
[11:09:35] [INFO] 
[11:09:35] [INFO] SCALING ANALYSIS:
[11:09:35] [INFO] ================
[11:09:35] [INFO] For self-gravitating clusters:
[11:09:35] [INFO] - Central density: ρ_c ∝ M/R_c³
[11:09:35] [INFO] - Acceleration (Newtonian): a ∝ GM/R_c² ∝ ρ_c × R_c
[11:09:35] [INFO] - Potential (TEP): |Φ| ∝ GM/R_c ∝ ρ_c × R_c²
[11:09:35] [INFO] 
[11:09:35] [INFO] Across the cluster sample, let the effective scaling relationship between
[11:09:35] [INFO] core radius and density be characterized by the OLS regression slope:
[11:09:35] [INFO] α_eff = Cov(log R_c, log ρ_c) / Var(log ρ_c)
[11:09:35] [INFO] 
[11:09:35] [INFO] By the exact linearity of covariance:
[11:09:35] [INFO]   Γ_N = Cov(log a, log ρ) / Var(log ρ) = 1 + α_eff
[11:09:35] [INFO]   Γ_TEP = Cov(log |Φ|, log ρ) / Var(log ρ) = 1 + 2α_eff
[11:09:35] [INFO] 
[11:09:35] [INFO] ELIMINATING α_eff:
[11:09:35] [INFO] ==============
[11:09:35] [INFO] From Γ_N = 1 + α_eff, we get α_eff = Γ_N - 1
[11:09:35] [INFO] Substituting: Γ_TEP = 1 + 2(Γ_N - 1) = 2Γ_N - 1
[11:09:35] [INFO] 
[11:09:35] [INFO] This is an EXACT mathematical identity for regression slopes!
[11:09:35] [INFO] 
[11:09:35] [INFO] 
[11:09:35] [INFO] ================================================================================
[11:09:35] [INFO] RESULT
[11:09:35] [INFO] ================================================================================
[11:09:35] [INFO] CMC Newtonian consensus: Γ_N = 0.7476777251184834 ± 0.0385519898860048
[11:09:35] [INFO]   (from Kremer+20, Ye+22, Rodriguez+21, Weatherford+20)
[11:09:35] [INFO] 
[11:09:35] [INFO] PARAMETER-FREE TEP prediction:
[11:09:35] [INFO]   Γ_TEP = 2 × Γ_N - 1 = 2 × 0.7476777251184834 - 1 = 0.495 ± 0.077
[11:09:35] [INFO] 
[11:09:35] [INFO] Observed: Γ_obs = 0.3929054987420065 ± 0.07848558701147679
[11:09:35] [INFO] 
[11:09:35] [INFO] Agreement: 0.93σ
[11:09:35] [INFO] ================================================================================
[11:09:35] [INFO] EXCELLENT AGREEMENT: TEP scaling relation consistent with observation.
[11:09:35] [INFO] ================================================================================
[11:09:35] [INFO] 
[11:09:35] [INFO] INTERPRETATION:
[11:09:35] [INFO] ===============
[11:09:35] [INFO] The TEP scaling relation Γ_TEP = 2Γ_N - 1 gives 0.50:
[11:09:35] [INFO] 
[11:09:35] [INFO] 1. Uses measured Newtonian slope Γ_N = 0.7476777251184834 (from CMC simulations)
[11:09:35] [INFO] 2. Applies the TEP framework's scaling assumption: potential vs acceleration
[11:09:35] [INFO] 3. Result: Γ_TEP = 2Γ_N - 1 = 0.50
[11:09:35] [INFO] 
[11:09:35] [INFO] This is consistent with the observed Γ = 0.393 ± 0.078
[11:09:35] [INFO] at 0.9σ. The agreement confirms that the TEP framework's scaling
[11:09:35] [INFO] assumption (potential-dominated vs acceleration-dominated) is compatible
[11:09:35] [INFO] with the data. It is a consistency check, not an independent prediction,
[11:09:35] [INFO] because the relation depends on the TEP formalism's premise.
[11:09:35] [INFO] 
[11:09:35] [INFO] The Newtonian prediction (Γ_N = 0.748) is excluded at
[11:09:35] [INFO] 4.5σ.
[11:09:35] [INFO] 
[11:09:35] [INFO] CONCLUSION: The observed Γ = 0.39 is consistent with the TEP
[11:09:35] [INFO] scaling relation Γ_TEP = 2Γ_N - 1 = 0.50.
[11:09:35] [INFO] 
[11:09:35] [INFO] 
[11:09:35] [INFO] Saved: results/outputs/step_42_gamma_parameter_free_derivation.json
