[23:34:06] [PROCESS] Loading metadata...
[23:34:06] [INFO] Loaded 1606 galaxies with complete metadata.
[23:34:06] [PROCESS] Stratifying by Morphology (Sersic n)...
[23:34:31] [PROCESS] Loading metadata...
[23:34:32] [INFO] Loaded 1606 galaxies with complete metadata.
[23:34:32] [PROCESS] Stratifying by Morphology (Sersic n)...
[23:34:35] [PROCESS] Stratifying by Star Formation Rate...
[23:34:37] [PROCESS] Stratifying by Inclination (b/a)...
[23:34:40] [PROCESS] Stratifying by Redshift...
[23:35:07] [PROCESS] Loading metadata...
[23:35:08] [INFO] Loaded 1606 galaxies with complete metadata.
[23:35:08] [PROCESS] Stratifying by Morphology (Sersic n)...
[23:35:11] [PROCESS] Stratifying by Star Formation Rate...
[23:35:13] [PROCESS] Stratifying by Inclination (b/a)...
[23:35:16] [PROCESS] Stratifying by Redshift...
[23:35:19] [PROCESS] Stratifying by Mass (Velocity Dispersion)...
[23:35:23] [PROCESS] Stratifying by H-alpha EW (AGN/SF proxy)...
[23:35:25] [PROCESS] Defining Optimal Sample...
[23:35:26] [SUCCESS] Saved results/outputs/tomography_N2000/step_2_8_expanded_stratification.json
[23:35:26] [SUCCESS] Saved results/outputs/tomography_N2000/step_2_8_expanded_stratification_report.md
